// Jest Snapshot v1, https://goo.gl/fbAQLP

exports[`App.vue should render correct dom elements 1`] = `
<div
  id="app"
>
  <!---->
</div>
`;
